Archive member included to satisfy reference by file (symbol)

c:/st/eclipse/plugins/fr.ac6.mcu.externaltools.arm-none.win32_1.13.2.201703061525/tools/compiler/bin/../lib/gcc/arm-none-eabi/5.4.1/armv7e-m/fpu\libgcc.a(_arm_addsubdf3.o)
                              Src/main.o (__aeabi_dadd)
c:/st/eclipse/plugins/fr.ac6.mcu.externaltools.arm-none.win32_1.13.2.201703061525/tools/compiler/bin/../lib/gcc/arm-none-eabi/5.4.1/armv7e-m/fpu\libgcc.a(_arm_muldivdf3.o)
                              Src/main.o (__aeabi_dmul)
c:/st/eclipse/plugins/fr.ac6.mcu.externaltools.arm-none.win32_1.13.2.201703061525/tools/compiler/bin/../lib/gcc/arm-none-eabi/5.4.1/armv7e-m/fpu\libgcc.a(_arm_fixdfsi.o)
                              Src/main.o (__aeabi_d2iz)
c:/st/eclipse/plugins/fr.ac6.mcu.externaltools.arm-none.win32_1.13.2.201703061525/tools/compiler/bin/../lib/gcc/arm-none-eabi/5.4.1/../../../../arm-none-eabi/lib/armv7e-m/fpu\libc_nano.a(lib_a-errno.o)
                              Src/syscalls.o (__errno)
c:/st/eclipse/plugins/fr.ac6.mcu.externaltools.arm-none.win32_1.13.2.201703061525/tools/compiler/bin/../lib/gcc/arm-none-eabi/5.4.1/../../../../arm-none-eabi/lib/armv7e-m/fpu\libc_nano.a(lib_a-exit.o)
                              c:/st/eclipse/plugins/fr.ac6.mcu.externaltools.arm-none.win32_1.13.2.201703061525/tools/compiler/bin/../lib/gcc/arm-none-eabi/5.4.1/../../../../arm-none-eabi/lib/armv7e-m/fpu/crt0.o (exit)
c:/st/eclipse/plugins/fr.ac6.mcu.externaltools.arm-none.win32_1.13.2.201703061525/tools/compiler/bin/../lib/gcc/arm-none-eabi/5.4.1/../../../../arm-none-eabi/lib/armv7e-m/fpu\libc_nano.a(lib_a-impure.o)
                              c:/st/eclipse/plugins/fr.ac6.mcu.externaltools.arm-none.win32_1.13.2.201703061525/tools/compiler/bin/../lib/gcc/arm-none-eabi/5.4.1/../../../../arm-none-eabi/lib/armv7e-m/fpu\libc_nano.a(lib_a-exit.o) (_global_impure_ptr)
c:/st/eclipse/plugins/fr.ac6.mcu.externaltools.arm-none.win32_1.13.2.201703061525/tools/compiler/bin/../lib/gcc/arm-none-eabi/5.4.1/../../../../arm-none-eabi/lib/armv7e-m/fpu\libc_nano.a(lib_a-init.o)
                              c:/st/eclipse/plugins/fr.ac6.mcu.externaltools.arm-none.win32_1.13.2.201703061525/tools/compiler/bin/../lib/gcc/arm-none-eabi/5.4.1/../../../../arm-none-eabi/lib/armv7e-m/fpu/crt0.o (__libc_init_array)
c:/st/eclipse/plugins/fr.ac6.mcu.externaltools.arm-none.win32_1.13.2.201703061525/tools/compiler/bin/../lib/gcc/arm-none-eabi/5.4.1/../../../../arm-none-eabi/lib/armv7e-m/fpu\libc_nano.a(lib_a-memset.o)
                              c:/st/eclipse/plugins/fr.ac6.mcu.externaltools.arm-none.win32_1.13.2.201703061525/tools/compiler/bin/../lib/gcc/arm-none-eabi/5.4.1/../../../../arm-none-eabi/lib/armv7e-m/fpu/crt0.o (memset)
c:/st/eclipse/plugins/fr.ac6.mcu.externaltools.arm-none.win32_1.13.2.201703061525/tools/compiler/bin/../lib/gcc/arm-none-eabi/5.4.1/../../../../arm-none-eabi/lib/armv7e-m/fpu\libc_nano.a(lib_a-sprintf.o)
                              Src/main.o (sprintf)
c:/st/eclipse/plugins/fr.ac6.mcu.externaltools.arm-none.win32_1.13.2.201703061525/tools/compiler/bin/../lib/gcc/arm-none-eabi/5.4.1/../../../../arm-none-eabi/lib/armv7e-m/fpu\libc_nano.a(lib_a-nano-svfprintf.o)
                              c:/st/eclipse/plugins/fr.ac6.mcu.externaltools.arm-none.win32_1.13.2.201703061525/tools/compiler/bin/../lib/gcc/arm-none-eabi/5.4.1/../../../../arm-none-eabi/lib/armv7e-m/fpu\libc_nano.a(lib_a-sprintf.o) (_svfprintf_r)
c:/st/eclipse/plugins/fr.ac6.mcu.externaltools.arm-none.win32_1.13.2.201703061525/tools/compiler/bin/../lib/gcc/arm-none-eabi/5.4.1/../../../../arm-none-eabi/lib/armv7e-m/fpu\libc_nano.a(lib_a-nano-vfprintf_i.o)
                              c:/st/eclipse/plugins/fr.ac6.mcu.externaltools.arm-none.win32_1.13.2.201703061525/tools/compiler/bin/../lib/gcc/arm-none-eabi/5.4.1/../../../../arm-none-eabi/lib/armv7e-m/fpu\libc_nano.a(lib_a-nano-svfprintf.o) (_printf_i)
c:/st/eclipse/plugins/fr.ac6.mcu.externaltools.arm-none.win32_1.13.2.201703061525/tools/compiler/bin/../lib/gcc/arm-none-eabi/5.4.1/../../../../arm-none-eabi/lib/armv7e-m/fpu\libc_nano.a(lib_a-memchr.o)
                              c:/st/eclipse/plugins/fr.ac6.mcu.externaltools.arm-none.win32_1.13.2.201703061525/tools/compiler/bin/../lib/gcc/arm-none-eabi/5.4.1/../../../../arm-none-eabi/lib/armv7e-m/fpu\libc_nano.a(lib_a-nano-svfprintf.o) (memchr)
c:/st/eclipse/plugins/fr.ac6.mcu.externaltools.arm-none.win32_1.13.2.201703061525/tools/compiler/bin/../lib/gcc/arm-none-eabi/5.4.1/../../../../arm-none-eabi/lib/armv7e-m/fpu\libc_nano.a(lib_a-memcpy-stub.o)
                              c:/st/eclipse/plugins/fr.ac6.mcu.externaltools.arm-none.win32_1.13.2.201703061525/tools/compiler/bin/../lib/gcc/arm-none-eabi/5.4.1/../../../../arm-none-eabi/lib/armv7e-m/fpu\libc_nano.a(lib_a-nano-svfprintf.o) (memcpy)
[...]
Memory Configuration

Name             Origin             Length             Attributes
RAM              0x20000000         0x00020000         xrw
FLASH            0x08000000         0x00080000         xr
*default*        0x00000000         0xffffffff

Linker script and memory map

LOAD c:/st/eclipse/plugins/fr.ac6.mcu.externaltools.arm-none.win32_1.13.2.201703061525/tools/compiler/bin/../lib/gcc/arm-none-eabi/5.4.1/armv7e-m/fpu/crti.o
LOAD c:/st/eclipse/plugins/fr.ac6.mcu.externaltools.arm-none.win32_1.13.2.201703061525/tools/compiler/bin/../lib/gcc/arm-none-eabi/5.4.1/armv7e-m/fpu/crtbegin.o
LOAD c:/st/eclipse/plugins/fr.ac6.mcu.externaltools.arm-none.win32_1.13.2.201703061525/tools/compiler/bin/../lib/gcc/arm-none-eabi/5.4.1/../../../../arm-none-eabi/lib/armv7e-m/fpu/crt0.o
LOAD c:/st/eclipse/plugins/fr.ac6.mcu.externaltools.arm-none.win32_1.13.2.201703061525/tools/compiler/bin/../lib/gcc/arm-none-eabi/5.4.1/../../../../arm-none-eabi/lib/armv7e-m/fpu\libm.a
LOAD Drivers/STM32F4xx_HAL_Driver/Src/stm32f4xx_hal.o
LOAD Drivers/STM32F4xx_HAL_Driver/Src/stm32f4xx_hal_adc.o
LOAD Drivers/STM32F4xx_HAL_Driver/Src/stm32f4xx_hal_adc_ex.o
LOAD Drivers/STM32F4xx_HAL_Driver/Src/stm32f4xx_hal_cortex.o
LOAD Drivers/STM32F4xx_HAL_Driver/Src/stm32f4xx_hal_dma.o
LOAD Drivers/STM32F4xx_HAL_Driver/Src/stm32f4xx_hal_dma_ex.o
LOAD Drivers/STM32F4xx_HAL_Driver/Src/stm32f4xx_hal_flash.o
LOAD Drivers/STM32F4xx_HAL_Driver/Src/stm32f4xx_hal_flash_ex.o
LOAD Drivers/STM32F4xx_HAL_Driver/Src/stm32f4xx_hal_flash_ramfunc.o
LOAD Drivers/STM32F4xx_HAL_Driver/Src/stm32f4xx_hal_gpio.o
LOAD Drivers/STM32F4xx_HAL_Driver/Src/stm32f4xx_hal_pwr.o
LOAD Drivers/STM32F4xx_HAL_Driver/Src/stm32f4xx_hal_pwr_ex.o
LOAD Drivers/STM32F4xx_HAL_Driver/Src/stm32f4xx_hal_rcc.o
LOAD Drivers/STM32F4xx_HAL_Driver/Src/stm32f4xx_hal_rcc_ex.o
LOAD Drivers/STM32F4xx_HAL_Driver/Src/stm32f4xx_hal_tim.o
LOAD Drivers/STM32F4xx_HAL_Driver/Src/stm32f4xx_hal_tim_ex.o
LOAD Drivers/STM32F4xx_HAL_Driver/Src/stm32f4xx_hal_uart.o
LOAD Src/dwt_stm32_delay.o
LOAD Src/main.o
LOAD Src/stm32f4xx_hal_msp.o
LOAD Src/stm32f4xx_it.o
LOAD Src/syscalls.o
LOAD Src/system_stm32f4xx.o
LOAD startup/startup_stm32f446xx.o
START GROUP
LOAD c:/st/eclipse/plugins/fr.ac6.mcu.externaltools.arm-none.win32_1.13.2.201703061525/tools/compiler/bin/../lib/gcc/arm-none-eabi/5.4.1/armv7e-m/fpu\libgcc.a
LOAD c:/st/eclipse/plugins/fr.ac6.mcu.externaltools.arm-none.win32_1.13.2.201703061525/tools/compiler/bin/../lib/gcc/arm-none-eabi/5.4.1/../../../../arm-none-eabi/lib/armv7e-m/fpu\libc_nano.a
END GROUP
START GROUP
LOAD c:/st/eclipse/plugins/fr.ac6.mcu.externaltools.arm-none.win32_1.13.2.201703061525/tools/compiler/bin/../lib/gcc/arm-none-eabi/5.4.1/armv7e-m/fpu\libgcc.a
LOAD c:/st/eclipse/plugins/fr.ac6.mcu.externaltools.arm-none.win32_1.13.2.201703061525/tools/compiler/bin/../lib/gcc/arm-none-eabi/5.4.1/../../../../arm-none-eabi/lib/armv7e-m/fpu\libc_nano.a
LOAD c:/st/eclipse/plugins/fr.ac6.mcu.externaltools.arm-none.win32_1.13.2.201703061525/tools/compiler/bin/../lib/gcc/arm-none-eabi/5.4.1/../../../../arm-none-eabi/lib/armv7e-m/fpu\libnosys.a
END GROUP
START GROUP
LOAD c:/st/eclipse/plugins/fr.ac6.mcu.externaltools.arm-none.win32_1.13.2.201703061525/tools/compiler/bin/../lib/gcc/arm-none-eabi/5.4.1/armv7e-m/fpu\libgcc.a
LOAD c:/st/eclipse/plugins/fr.ac6.mcu.externaltools.arm-none.win32_1.13.2.201703061525/tools/compiler/bin/../lib/gcc/arm-none-eabi/5.4.1/../../../../arm-none-eabi/lib/armv7e-m/fpu\libc_nano.a
LOAD c:/st/eclipse/plugins/fr.ac6.mcu.externaltools.arm-none.win32_1.13.2.201703061525/tools/compiler/bin/../lib/gcc/arm-none-eabi/5.4.1/../../../../arm-none-eabi/lib/armv7e-m/fpu\libnosys.a
END GROUP
LOAD c:/st/eclipse/plugins/fr.ac6.mcu.externaltools.arm-none.win32_1.13.2.201703061525/tools/compiler/bin/../lib/gcc/arm-none-eabi/5.4.1/armv7e-m/fpu/crtend.o
LOAD c:/st/eclipse/plugins/fr.ac6.mcu.externaltools.arm-none.win32_1.13.2.201703061525/tools/compiler/bin/../lib/gcc/arm-none-eabi/5.4.1/armv7e-m/fpu/crtn.o
                0x20020000                _estack = 0x20020000
                0x00000200                _Min_Heap_Size = 0x200
                0x00000400                _Min_Stack_Size = 0x400

.isr_vector     0x08000000      0x1c4
                0x08000000                . = ALIGN (0x4)
 *(.isr_vector)
 .isr_vector    0x08000000      0x1c4 startup/startup_stm32f446xx.o
                0x08000000                g_pfnVectors
                0x080001c4                . = ALIGN (0x4)

.text           0x080001d0     0x3768
                0x080001d0                . = ALIGN (0x4)
 *(.text)
 .text          0x080001d0       0x5c c:/st/eclipse/plugins/fr.ac6.mcu.externaltools.arm-none.win32_1.13.2.201703061525/tools/compiler/bin/../lib/gcc/arm-none-eabi/5.4.1/armv7e-m/fpu/crtbegin.o
 .text          0x0800022c      0x370 c:/st/eclipse/plugins/fr.ac6.mcu.externaltools.arm-none.win32_1.13.2.201703061525/tools/compiler/bin/../lib/gcc/arm-none-eabi/5.4.1/armv7e-m/fpu\libgcc.a(_arm_addsubdf3.o)
                0x0800022c                __aeabi_drsub
                0x08000234                __aeabi_dsub
                0x08000234                __subdf3
                0x08000238                __aeabi_dadd
                0x08000238                __adddf3
                0x080004b0                __floatunsidf
                0x080004b0                __aeabi_ui2d
                0x080004d0                __floatsidf
                0x080004d0                __aeabi_i2d
                0x080004f4                __aeabi_f2d
                0x080004f4                __extendsfdf2
                0x08000530                __floatundidf
                0x08000530                __aeabi_ul2d
                0x08000540                __floatdidf
                0x08000540                __aeabi_l2d
 .text          0x0800059c      0x424 c:/st/eclipse/plugins/fr.ac6.mcu.externaltools.arm-none.win32_1.13.2.201703061525/tools/compiler/bin/../lib/gcc/arm-none-eabi/5.4.1/armv7e-m/fpu\libgcc.a(_arm_muldivdf3.o)
                0x0800059c                __aeabi_dmul
                0x0800059c                __muldf3
                0x080007f0                __divdf3
                0x080007f0                __aeabi_ddiv
 .text          0x080009c0       0x50 c:/st/eclipse/plugins/fr.ac6.mcu.externaltools.arm-none.win32_1.13.2.201703061525/tools/compiler/bin/../lib/gcc/arm-none-eabi/5.4.1/armv7e-m/fpu\libgcc.a(_arm_fixdfsi.o)
                0x080009c0                __aeabi_d2iz
                0x080009c0                __fixdfsi
 .text          0x08000a10       0xa0 c:/st/eclipse/plugins/fr.ac6.mcu.externaltools.arm-none.win32_1.13.2.201703061525/tools/compiler/bin/../lib/gcc/arm-none-eabi/5.4.1/../../../../arm-none-eabi/lib/armv7e-m/fpu\libc_nano.a(lib_a-memchr.o)
                0x08000a10                memchr
 .text          0x08000ab0      0x110 c:/st/eclipse/plugins/fr.ac6.mcu.externaltools.arm-none.win32_1.13.2.201703061525/tools/compiler/bin/../lib/gcc/arm-none-eabi/5.4.1/armv7e-m/fpu\libgcc.a(_arm_cmpdf2.o)
                0x08000ab0                __gtdf2
                0x08000ab0                __gedf2
                0x08000ab8                __ltdf2
                0x08000ab8                __ledf2
                0x08000ac0                __nedf2
                0x08000ac0                __eqdf2
                0x08000ac0                __cmpdf2
                0x08000b3c                __aeabi_cdrcmple
                0x08000b4c                __aeabi_cdcmpeq
                0x08000b4c                __aeabi_cdcmple
                0x08000b5c                __aeabi_dcmpeq
                0x08000b70                __aeabi_dcmplt
                0x08000b84                __aeabi_dcmple
                0x08000b98                __aeabi_dcmpge
                0x08000bac                __aeabi_dcmpgt
 .text          0x08000bc0       0x2c c:/st/eclipse/plugins/fr.ac6.mcu.externaltools.arm-none.win32_1.13.2.201703061525/tools/compiler/bin/../lib/gcc/arm-none-eabi/5.4.1/armv7e-m/fpu\libgcc.a(_arm_unorddf2.o)
                0x08000bc0                __unorddf2
                0x08000bc0                __aeabi_dcmpun
 *(.text*)
 .text.HAL_InitTick
                0x08000bec       0x28 Drivers/STM32F4xx_HAL_Driver/Src/stm32f4xx_hal.o
                0x08000bec                HAL_InitTick
 .text.HAL_Init
                0x08000c14       0x34 Drivers/STM32F4xx_HAL_Driver/Src/stm32f4xx_hal.o
                0x08000c14                HAL_Init
 .text.HAL_IncTick
                0x08000c48       0x10 Drivers/STM32F4xx_HAL_Driver/Src/stm32f4xx_hal.o
                0x08000c48                HAL_IncTick
 .text.HAL_GetTick
                0x08000c58        0xc Drivers/STM32F4xx_HAL_Driver/Src/stm32f4xx_hal.o
                0x08000c58                HAL_GetTick
 .text.HAL_Delay
                0x08000c64       0x1a Drivers/STM32F4xx_HAL_Driver/Src/stm32f4xx_hal.o
                0x08000c64                HAL_Delay
 *fill*         0x08000c7e        0x2 
 .text.HAL_ADC_Init
                0x08000c80      0x154 Drivers/STM32F4xx_HAL_Driver/Src/stm32f4xx_hal_adc.o
                0x08000c80                HAL_ADC_Init
 .text.HAL_ADC_Start_DMA
                0x08000dd4      0x100 Drivers/STM32F4xx_HAL_Driver/Src/stm32f4xx_hal_adc.o
                0x08000dd4                HAL_ADC_Start_DMA
 .text.HAL_ADC_ConvCpltCallback
                0x08000ed4        0x2 Drivers/STM32F4xx_HAL_Driver/Src/stm32f4xx_hal_adc.o
                0x08000ed4                HAL_ADC_ConvCpltCallback
 .text.ADC_DMAConvCplt
                0x08000ed6       0x60 Drivers/STM32F4xx_HAL_Driver/Src/stm32f4xx_hal_adc.o
 .text.HAL_ADC_ConvHalfCpltCallback
                0x08000f36        0x2 Drivers/STM32F4xx_HAL_Driver/Src/stm32f4xx_hal_adc.o
                0x08000f36                HAL_ADC_ConvHalfCpltCallback
 .text.ADC_DMAHalfConvCplt
                0x08000f38        0xa Drivers/STM32F4xx_HAL_Driver/Src/stm32f4xx_hal_adc.o
 .text.HAL_ADC_ErrorCallback
                0x08000f42        0x2 Drivers/STM32F4xx_HAL_Driver/Src/stm32f4xx_hal_adc.o
                0x08000f42                HAL_ADC_ErrorCallback
 .text.ADC_DMAError
                0x08000f44       0x16 Drivers/STM32F4xx_HAL_Driver/Src/stm32f4xx_hal_adc.o
 *fill*         0x08000f5a        0x2 
 .text.HAL_ADC_ConfigChannel
                0x08000f5c      0x134 Drivers/STM32F4xx_HAL_Driver/Src/stm32f4xx_hal_adc.o
                0x08000f5c                HAL_ADC_ConfigChannel
 .text.HAL_NVIC_SetPriorityGrouping
                0x08001090       0x24 Drivers/STM32F4xx_HAL_Driver/Src/stm32f4xx_hal_cortex.o
                0x08001090                HAL_NVIC_SetPriorityGrouping
 .text.HAL_NVIC_SetPriority
                0x080010b4       0x68 Drivers/STM32F4xx_HAL_Driver/Src/stm32f4xx_hal_cortex.o
                0x080010b4                HAL_NVIC_SetPriority
 .text.HAL_NVIC_EnableIRQ
                0x0800111c       0x18 Drivers/STM32F4xx_HAL_Driver/Src/stm32f4xx_hal_cortex.o
                0x0800111c                HAL_NVIC_EnableIRQ
 .text.HAL_SYSTICK_Config
                0x08001134       0x2c Drivers/STM32F4xx_HAL_Driver/Src/stm32f4xx_hal_cortex.o
                0x08001134                HAL_SYSTICK_Config
 .text.HAL_SYSTICK_CLKSourceConfig
                0x08001160       0x18 Drivers/STM32F4xx_HAL_Driver/Src/stm32f4xx_hal_cortex.o
                0x08001160                HAL_SYSTICK_CLKSourceConfig
 .text.HAL_SYSTICK_Callback
                0x08001178        0x2 Drivers/STM32F4xx_HAL_Driver/Src/stm32f4xx_hal_cortex.o
                0x08001178                HAL_SYSTICK_Callback
 .text.HAL_SYSTICK_IRQHandler
                0x0800117a        0x8 Drivers/STM32F4xx_HAL_Driver/Src/stm32f4xx_hal_cortex.o
                0x0800117a                HAL_SYSTICK_IRQHandler
 *fill*         0x08001182        0x2 
 .text.DMA_CalcBaseAndBitshift
                0x08001184       0x2c Drivers/STM32F4xx_HAL_Driver/Src/stm32f4xx_hal_dma.o
 .text.HAL_DMA_Init
                0x080011b0       0xec Drivers/STM32F4xx_HAL_Driver/Src/stm32f4xx_hal_dma.o
                0x080011b0                HAL_DMA_Init
 .text.HAL_DMA_Start_IT
                0x0800129c       0x80 Drivers/STM32F4xx_HAL_Driver/Src/stm32f4xx_hal_dma.o
                0x0800129c                HAL_DMA_Start_IT
 .text.HAL_DMA_IRQHandler
                0x0800131c      0x17c Drivers/STM32F4xx_HAL_Driver/Src/stm32f4xx_hal_dma.o
                0x0800131c                HAL_DMA_IRQHandler
 .text.HAL_GPIO_Init
                0x08001498      0x1b4 Drivers/STM32F4xx_HAL_Driver/Src/stm32f4xx_hal_gpio.o
                0x08001498                HAL_GPIO_Init
 .text.HAL_GPIO_ReadPin
                0x0800164c        0xc Drivers/STM32F4xx_HAL_Driver/Src/stm32f4xx_hal_gpio.o
                0x0800164c                HAL_GPIO_ReadPin
 .text.HAL_GPIO_WritePin
                0x08001658        0x8 Drivers/STM32F4xx_HAL_Driver/Src/stm32f4xx_hal_gpio.o
                0x08001658                HAL_GPIO_WritePin
 .text.HAL_RCC_ClockConfig
                0x08001660      0x168 Drivers/STM32F4xx_HAL_Driver/Src/stm32f4xx_hal_rcc.o
                0x08001660                HAL_RCC_ClockConfig
 .text.HAL_RCC_GetHCLKFreq
                0x080017c8        0xc Drivers/STM32F4xx_HAL_Driver/Src/stm32f4xx_hal_rcc.o
                0x080017c8                HAL_RCC_GetHCLKFreq
 .text.HAL_RCC_GetPCLK1Freq
                0x080017d4       0x30 Drivers/STM32F4xx_HAL_Driver/Src/stm32f4xx_hal_rcc.o
                0x080017d4                HAL_RCC_GetPCLK1Freq
 .text.HAL_RCC_GetPCLK2Freq
                0x08001804       0x30 Drivers/STM32F4xx_HAL_Driver/Src/stm32f4xx_hal_rcc.o
                0x08001804                HAL_RCC_GetPCLK2Freq
 .text.HAL_RCC_OscConfig
                0x08001834      0x358 Drivers/STM32F4xx_HAL_Driver/Src/stm32f4xx_hal_rcc_ex.o
                0x08001834                HAL_RCC_OscConfig
 .text.HAL_RCC_GetSysClockFreq
                0x08001b8c       0xd0 Drivers/STM32F4xx_HAL_Driver/Src/stm32f4xx_hal_rcc_ex.o
                0x08001b8c                HAL_RCC_GetSysClockFreq
 .text.HAL_TIM_Base_Start
                0x08001c5c       0x1a Drivers/STM32F4xx_HAL_Driver/Src/stm32f4xx_hal_tim.o
                0x08001c5c                HAL_TIM_Base_Start
 .text.HAL_TIM_ConfigClockSource
                0x08001c76      0x174 Drivers/STM32F4xx_HAL_Driver/Src/stm32f4xx_hal_tim.o
                0x08001c76                HAL_TIM_ConfigClockSource
 *fill*         0x08001dea        0x2 
 .text.TIM_Base_SetConfig
                0x08001dec       0xc8 Drivers/STM32F4xx_HAL_Driver/Src/stm32f4xx_hal_tim.o
                0x08001dec                TIM_Base_SetConfig
 .text.HAL_TIM_Base_Init
                0x08001eb4       0x34 Drivers/STM32F4xx_HAL_Driver/Src/stm32f4xx_hal_tim.o
                0x08001eb4                HAL_TIM_Base_Init
 .text.HAL_TIMEx_MasterConfigSynchronization
                0x08001ee8       0x44 Drivers/STM32F4xx_HAL_Driver/Src/stm32f4xx_hal_tim_ex.o
                0x08001ee8                HAL_TIMEx_MasterConfigSynchronization
 .text.UART_SetConfig
                0x08001f2c      0x23c Drivers/STM32F4xx_HAL_Driver/Src/stm32f4xx_hal_uart.o
 .text.UART_WaitOnFlagUntilTimeout.constprop.3
                0x08002168       0x50 Drivers/STM32F4xx_HAL_Driver/Src/stm32f4xx_hal_uart.o
 .text.HAL_UART_Init
                0x080021b8       0x5c Drivers/STM32F4xx_HAL_Driver/Src/stm32f4xx_hal_uart.o
                0x080021b8                HAL_UART_Init
 .text.HAL_UART_Transmit
                0x08002214       0xbc Drivers/STM32F4xx_HAL_Driver/Src/stm32f4xx_hal_uart.o
                0x08002214                HAL_UART_Transmit
 .text.DWT_Delay_Init
                0x080022d0       0x40 Src/dwt_stm32_delay.o
                0x080022d0                DWT_Delay_Init
 .text.DWT_Delay_us
                0x08002310       0x30 Src/main.o
 .text.set_gpio_output
                0x08002340       0x1c Src/main.o
                0x08002340                set_gpio_output
 .text.set_gpio_input
                0x0800235c       0x1c Src/main.o
                0x0800235c                set_gpio_input
 .text.DHT11_start
                0x08002378       0x24 Src/main.o
                0x08002378                DHT11_start
 .text.check_response
                0x0800239c       0x34 Src/main.o
                0x0800239c                check_response
 .text.read_data
                0x080023d0       0x48 Src/main.o
                0x080023d0                read_data
 .text.SystemClock_Config
                0x08002418       0xac Src/main.o
                0x08002418                SystemClock_Config
 *fill*         0x080024c4        0x4 
 .text.startup.main
                0x080024c8      0x3a4 Src/main.o
                0x080024c8                main
 .text.Error_Handler
                0x0800286c        0x2 Src/main.o
                0x0800286c                Error_Handler
 .text.HAL_MspInit
                0x0800286e       0x60 Src/stm32f4xx_hal_msp.o
                0x0800286e                HAL_MspInit
 *fill*         0x080028ce        0x2 
 .text.HAL_ADC_MspInit
                0x080028d0       0xdc Src/stm32f4xx_hal_msp.o
                0x080028d0                HAL_ADC_MspInit
 .text.HAL_TIM_Base_MspInit
                0x080029ac       0x30 Src/stm32f4xx_hal_msp.o
                0x080029ac                HAL_TIM_Base_MspInit
 .text.HAL_UART_MspInit
                0x080029dc       0x7c Src/stm32f4xx_hal_msp.o
                0x080029dc                HAL_UART_MspInit
 .text.SysTick_Handler
                0x08002a58        0xe Src/stm32f4xx_it.o
                0x08002a58                SysTick_Handler
 *fill*         0x08002a66        0x2 
 .text.DMA2_Stream0_IRQHandler
                0x08002a68        0xc Src/stm32f4xx_it.o
                0x08002a68                DMA2_Stream0_IRQHandler
 .text.DMA2_Stream2_IRQHandler
                0x08002a74        0xc Src/stm32f4xx_it.o
                0x08002a74                DMA2_Stream2_IRQHandler
 .text._sbrk    0x08002a80       0x34 Src/syscalls.o
                0x08002a80                _sbrk
 .text.SystemInit
                0x08002ab4       0x4c Src/system_stm32f4xx.o
                0x08002ab4                SystemInit
 .text.Reset_Handler
                0x08002b00       0x50 startup/startup_stm32f446xx.o
                0x08002b00                Reset_Handler
 .text.Default_Handler
                0x08002b50        0x2 startup/startup_stm32f446xx.o
                0x08002b50                RTC_Alarm_IRQHandler
                0x08002b50                EXTI2_IRQHandler
                0x08002b50                TIM8_CC_IRQHandler
                0x08002b50                DebugMon_Handler
                0x08002b50                SPI4_IRQHandler
                0x08002b50                TIM1_CC_IRQHandler
                0x08002b50                DMA2_Stream5_IRQHandler
                0x08002b50                HardFault_Handler
                0x08002b50                DMA1_Stream5_IRQHandler
                0x08002b50                PVD_IRQHandler
                0x08002b50                SDIO_IRQHandler
                0x08002b50                TAMP_STAMP_IRQHandler
                0x08002b50                PendSV_Handler
                0x08002b50                NMI_Handler
                0x08002b50                CAN2_RX1_IRQHandler
                0x08002b50                EXTI3_IRQHandler
                0x08002b50                TIM8_TRG_COM_TIM14_IRQHandler
                0x08002b50                TIM1_UP_TIM10_IRQHandler
                0x08002b50                TIM8_UP_TIM13_IRQHandler
                0x08002b50                I2C3_ER_IRQHandler
                0x08002b50                FMPI2C1_Event_IRQHandler
                0x08002b50                EXTI0_IRQHandler
                0x08002b50                I2C2_EV_IRQHandler
                0x08002b50                DMA1_Stream2_IRQHandler
                0x08002b50                CAN1_RX0_IRQHandler
                0x08002b50                FPU_IRQHandler
                0x08002b50                OTG_HS_WKUP_IRQHandler
                0x08002b50                UsageFault_Handler
                0x08002b50                CAN2_SCE_IRQHandler
                0x08002b50                SPI1_IRQHandler
                0x08002b50                TIM6_DAC_IRQHandler
                0x08002b50                TIM1_BRK_TIM9_IRQHandler
                0x08002b50                DCMI_IRQHandler
                0x08002b50                CAN2_RX0_IRQHandler
                0x08002b50                DMA2_Stream3_IRQHandler
                0x08002b50                SAI2_IRQHandler
                0x08002b50                USART6_IRQHandler
                0x08002b50                USART3_IRQHandler
                0x08002b50                CAN1_RX1_IRQHandler
                0x08002b50                UART5_IRQHandler
                0x08002b50                TIM4_IRQHandler
                0x08002b50                QUADSPI_IRQHandler
                0x08002b50                I2C1_EV_IRQHandler
                0x08002b50                DMA1_Stream6_IRQHandler
                0x08002b50                DMA1_Stream1_IRQHandler
                0x08002b50                UART4_IRQHandler
                0x08002b50                TIM3_IRQHandler
                0x08002b50                RCC_IRQHandler
                0x08002b50                TIM8_BRK_TIM12_IRQHandler
                0x08002b50                Default_Handler
                0x08002b50                CEC_IRQHandler
                0x08002b50                EXTI15_10_IRQHandler
                0x08002b50                ADC_IRQHandler
                0x08002b50                DMA1_Stream7_IRQHandler
                0x08002b50                TIM7_IRQHandler
                0x08002b50                CAN2_TX_IRQHandler
                0x08002b50                TIM5_IRQHandler
                0x08002b50                DMA2_Stream7_IRQHandler
                0x08002b50                I2C3_EV_IRQHandler
                0x08002b50                EXTI9_5_IRQHandler
                0x08002b50                RTC_WKUP_IRQHandler
                0x08002b50                SPDIF_RX_IRQHandler
                0x08002b50                SPI2_IRQHandler
                0x08002b50                OTG_HS_EP1_IN_IRQHandler
                0x08002b50                MemManage_Handler
                0x08002b50                DMA1_Stream0_IRQHandler
                0x08002b50                CAN1_TX_IRQHandler
                0x08002b50                SVC_Handler
                0x08002b50                EXTI4_IRQHandler
                0x08002b50                OTG_HS_EP1_OUT_IRQHandler
                0x08002b50                WWDG_IRQHandler
                0x08002b50                TIM2_IRQHandler
                0x08002b50                OTG_FS_WKUP_IRQHandler
                0x08002b50                TIM1_TRG_COM_TIM11_IRQHandler
                0x08002b50                OTG_HS_IRQHandler
                0x08002b50                EXTI1_IRQHandler
                0x08002b50                USART2_IRQHandler
                0x08002b50                I2C2_ER_IRQHandler
                0x08002b50                DMA2_Stream1_IRQHandler
                0x08002b50                CAN1_SCE_IRQHandler
                0x08002b50                FLASH_IRQHandler
                0x08002b50                DMA2_Stream4_IRQHandler
                0x08002b50                BusFault_Handler
                0x08002b50                USART1_IRQHandler
                0x08002b50                OTG_FS_IRQHandler
                0x08002b50                SPI3_IRQHandler
                0x08002b50                DMA1_Stream4_IRQHandler
                0x08002b50                I2C1_ER_IRQHandler
                0x08002b50                FMC_IRQHandler
                0x08002b50                DMA2_Stream6_IRQHandler
                0x08002b50                SAI1_IRQHandler
                0x08002b50                DMA1_Stream3_IRQHandler
                0x08002b50                FMPI2C1_Error_IRQHandler
 *fill*         0x08002b52        0x2 
 .text.__errno  0x08002b54        0xc c:/st/eclipse/plugins/fr.ac6.mcu.externaltools.arm-none.win32_1.13.2.201703061525/tools/compiler/bin/../lib/gcc/arm-none-eabi/5.4.1/../../../../arm-none-eabi/lib/armv7e-m/fpu\libc_nano.a(lib_a-errno.o)
                0x08002b54                __errno
 .text.__libc_init_array
                0x08002b60       0x4c c:/st/eclipse/plugins/fr.ac6.mcu.externaltools.arm-none.win32_1.13.2.201703061525/tools/compiler/bin/../lib/gcc/arm-none-eabi/5.4.1/../../../../arm-none-eabi/lib/armv7e-m/fpu\libc_nano.a(lib_a-init.o)
                0x08002b60                __libc_init_array
 .text.sprintf  0x08002bac       0x48 c:/st/eclipse/plugins/fr.ac6.mcu.externaltools.arm-none.win32_1.13.2.201703061525/tools/compiler/bin/../lib/gcc/arm-none-eabi/5.4.1/../../../../arm-none-eabi/lib/armv7e-m/fpu\libc_nano.a(lib_a-sprintf.o)
                0x08002bac                siprintf
                0x08002bac                sprintf
 .text.__ssputs_r
                0x08002bf4       0xb2 c:/st/eclipse/plugins/fr.ac6.mcu.externaltools.arm-none.win32_1.13.2.201703061525/tools/compiler/bin/../lib/gcc/arm-none-eabi/5.4.1/../../../../arm-none-eabi/lib/armv7e-m/fpu\libc_nano.a(lib_a-nano-svfprintf.o)
                0x08002bf4                __ssputs_r
 *fill*         0x08002ca6        0x2 
 .text._svfprintf_r
                0x08002ca8      0x1e8 c:/st/eclipse/plugins/fr.ac6.mcu.externaltools.arm-none.win32_1.13.2.201703061525/tools/compiler/bin/../lib/gcc/arm-none-eabi/5.4.1/../../../../arm-none-eabi/lib/armv7e-m/fpu\libc_nano.a(lib_a-nano-svfprintf.o)
                0x08002ca8                _svfiprintf_r
                0x08002ca8                _svfprintf_r
 .text._printf_common
                0x08002e90       0xec c:/st/eclipse/plugins/fr.ac6.mcu.externaltools.arm-none.win32_1.13.2.201703061525/tools/compiler/bin/../lib/gcc/arm-none-eabi/5.4.1/../../../../arm-none-eabi/lib/armv7e-m/fpu\libc_nano.a(lib_a-nano-vfprintf_i.o)
                0x08002e90                _printf_common
 .text._printf_i
                0x08002f7c      0x24c c:/st/eclipse/plugins/fr.ac6.mcu.externaltools.arm-none.win32_1.13.2.201703061525/tools/compiler/bin/../lib/gcc/arm-none-eabi/5.4.1/../../../../arm-none-eabi/lib/armv7e-m/fpu\libc_nano.a(lib_a-nano-vfprintf_i.o)
                0x08002f7c                _printf_i
 .text.memcpy   0x080031c8       0x16 c:/st/eclipse/plugins/fr.ac6.mcu.externaltools.arm-none.win32_1.13.2.201703061525/tools/compiler/bin/../lib/gcc/arm-none-eabi/5.4.1/../../../../arm-none-eabi/lib/armv7e-m/fpu\libc_nano.a(lib_a-memcpy-stub.o)
                0x080031c8                memcpy
 .text.memmove  0x080031de       0x36 c:/st/eclipse/plugins/fr.ac6.mcu.externaltools.arm-none.win32_1.13.2.201703061525/tools/compiler/bin/../lib/gcc/arm-none-eabi/5.4.1/../../../../arm-none-eabi/lib/armv7e-m/fpu\libc_nano.a(lib_a-memmove.o)
                0x080031de                memmove
 .text._free_r  0x08003214       0x9c c:/st/eclipse/plugins/fr.ac6.mcu.externaltools.arm-none.win32_1.13.2.201703061525/tools/compiler/bin/../lib/gcc/arm-none-eabi/5.4.1/../../../../arm-none-eabi/lib/armv7e-m/fpu\libc_nano.a(lib_a-nano-freer.o)
                0x08003214                _free_r
 .text._malloc_r
                0x080032b0       0xbc c:/st/eclipse/plugins/fr.ac6.mcu.externaltools.arm-none.win32_1.13.2.201703061525/tools/compiler/bin/../lib/gcc/arm-none-eabi/5.4.1/../../../../arm-none-eabi/lib/armv7e-m/fpu\libc_nano.a(lib_a-nano-mallocr.o)
                0x080032b0                _malloc_r
 .text._realloc_r
                0x0800336c       0x4c c:/st/eclipse/plugins/fr.ac6.mcu.externaltools.arm-none.win32_1.13.2.201703061525/tools/compiler/bin/../lib/gcc/arm-none-eabi/5.4.1/../../../../arm-none-eabi/lib/armv7e-m/fpu\libc_nano.a(lib_a-nano-reallocr.o)
                0x0800336c                _realloc_r
 .text._sbrk_r  0x080033b8       0x20 c:/st/eclipse/plugins/fr.ac6.mcu.externaltools.arm-none.win32_1.13.2.201703061525/tools/compiler/bin/../lib/gcc/arm-none-eabi/5.4.1/../../../../arm-none-eabi/lib/armv7e-m/fpu\libc_nano.a(lib_a-sbrkr.o)
                0x080033b8                _sbrk_r
 .text.__malloc_lock
                0x080033d8        0x2 c:/st/eclipse/plugins/fr.ac6.mcu.externaltools.arm-none.win32_1.13.2.201703061525/tools/compiler/bin/../lib/gcc/arm-none-eabi/5.4.1/../../../../arm-none-eabi/lib/armv7e-m/fpu\libc_nano.a(lib_a-mlock.o)
                0x080033d8                __malloc_lock
 .text.__malloc_unlock
                0x080033da        0x2 c:/st/eclipse/plugins/fr.ac6.mcu.externaltools.arm-none.win32_1.13.2.201703061525/tools/compiler/bin/../lib/gcc/arm-none-eabi/5.4.1/../../../../arm-none-eabi/lib/armv7e-m/fpu\libc_nano.a(lib_a-mlock.o)
                0x080033da                __malloc_unlock
 .text._malloc_usable_size_r
                0x080033dc       0x14 c:/st/eclipse/plugins/fr.ac6.mcu.externaltools.arm-none.win32_1.13.2.201703061525/tools/compiler/bin/../lib/gcc/arm-none-eabi/5.4.1/../../../../arm-none-eabi/lib/armv7e-m/fpu\libc_nano.a(lib_a-nano-msizer.o)
                0x080033dc                _malloc_usable_size_r
 .text.log      0x080033f0      0x110 c:/st/eclipse/plugins/fr.ac6.mcu.externaltools.arm-none.win32_1.13.2.201703061525/tools/compiler/bin/../lib/gcc/arm-none-eabi/5.4.1/../../../../arm-none-eabi/lib/armv7e-m/fpu\libm.a(lib_a-w_log.o)
                0x080033f0                log
 .text.__ieee754_log
                0x08003500      0x408 c:/st/eclipse/plugins/fr.ac6.mcu.externaltools.arm-none.win32_1.13.2.201703061525/tools/compiler/bin/../lib/gcc/arm-none-eabi/5.4.1/../../../../arm-none-eabi/lib/armv7e-m/fpu\libm.a(lib_a-e_log.o)
                0x08003500                __ieee754_log
 .text.matherr  0x08003908        0x4 c:/st/eclipse/plugins/fr.ac6.mcu.externaltools.arm-none.win32_1.13.2.201703061525/tools/compiler/bin/../lib/gcc/arm-none-eabi/5.4.1/../../../../arm-none-eabi/lib/armv7e-m/fpu\libm.a(lib_a-s_matherr.o)
                0x08003908                matherr
 *fill*         0x0800390c        0x4 
 .text.nan      0x08003910       0x10 c:/st/eclipse/plugins/fr.ac6.mcu.externaltools.arm-none.win32_1.13.2.201703061525/tools/compiler/bin/../lib/gcc/arm-none-eabi/5.4.1/../../../../arm-none-eabi/lib/armv7e-m/fpu\libm.a(lib_a-s_nan.o)
                0x08003910                nan
 *(.glue_7)
 .glue_7        0x08003920        0x0 linker stubs
 *(.glue_7t)
 .glue_7t       0x08003920        0x0 linker stubs
 *(.eh_frame)
 .eh_frame      0x08003920        0x0 c:/st/eclipse/plugins/fr.ac6.mcu.externaltools.arm-none.win32_1.13.2.201703061525/tools/compiler/bin/../lib/gcc/arm-none-eabi/5.4.1/armv7e-m/fpu/crtbegin.o
 *(.init)
 .init          0x08003920        0x4 c:/st/eclipse/plugins/fr.ac6.mcu.externaltools.arm-none.win32_1.13.2.201703061525/tools/compiler/bin/../lib/gcc/arm-none-eabi/5.4.1/armv7e-m/fpu/crti.o
                0x08003920                _init
 .init          0x08003924        0x8 c:/st/eclipse/plugins/fr.ac6.mcu.externaltools.arm-none.win32_1.13.2.201703061525/tools/compiler/bin/../lib/gcc/arm-none-eabi/5.4.1/armv7e-m/fpu/crtn.o
 *(.fini)
 .fini          0x0800392c        0x4 c:/st/eclipse/plugins/fr.ac6.mcu.externaltools.arm-none.win32_1.13.2.201703061525/tools/compiler/bin/../lib/gcc/arm-none-eabi/5.4.1/armv7e-m/fpu/crti.o
                0x0800392c                _fini
 .fini          0x08003930        0x8 c:/st/eclipse/plugins/fr.ac6.mcu.externaltools.arm-none.win32_1.13.2.201703061525/tools/compiler/bin/../lib/gcc/arm-none-eabi/5.4.1/armv7e-m/fpu/crtn.o
                0x08003938                . = ALIGN (0x4)
                0x08003938                _etext = .

.vfp11_veneer   0x08003938        0x0
 .vfp11_veneer  0x08003938        0x0 linker stubs

.v4_bx          0x08003938        0x0
 .v4_bx         0x08003938        0x0 linker stubs

.iplt           0x08003938        0x0
 .iplt          0x08003938        0x0 c:/st/eclipse/plugins/fr.ac6.mcu.externaltools.arm-none.win32_1.13.2.201703061525/tools/compiler/bin/../lib/gcc/arm-none-eabi/5.4.1/armv7e-m/fpu/crtbegin.o

.rodata         0x08003938       0x60
                0x08003938                . = ALIGN (0x4)
 *(.rodata)
 .rodata        0x08003938        0x8 Drivers/STM32F4xx_HAL_Driver/Src/stm32f4xx_hal_dma.o
 .rodata        0x08003940       0x10 Drivers/STM32F4xx_HAL_Driver/Src/stm32f4xx_hal_rcc.o
                0x08003940                APBAHBPrescTable
 *(.rodata*)
 .rodata.str1.1
                0x08003950        0xd Src/main.o
 .rodata.str1.1
                0x0800395d       0x11 c:/st/eclipse/plugins/fr.ac6.mcu.externaltools.arm-none.win32_1.13.2.201703061525/tools/compiler/bin/../lib/gcc/arm-none-eabi/5.4.1/../../../../arm-none-eabi/lib/armv7e-m/fpu\libc_nano.a(lib_a-nano-svfprintf.o)
 .rodata.str1.1
                0x0800396e       0x22 c:/st/eclipse/plugins/fr.ac6.mcu.externaltools.arm-none.win32_1.13.2.201703061525/tools/compiler/bin/../lib/gcc/arm-none-eabi/5.4.1/../../../../arm-none-eabi/lib/armv7e-m/fpu\libc_nano.a(lib_a-nano-vfprintf_i.o)
 .rodata.str1.4
                0x08003990        0x8 c:/st/eclipse/plugins/fr.ac6.mcu.externaltools.arm-none.win32_1.13.2.201703061525/tools/compiler/bin/../lib/gcc/arm-none-eabi/5.4.1/../../../../arm-none-eabi/lib/armv7e-m/fpu\libm.a(lib_a-w_log.o)
                                  0x5 (size before relaxing)
                0x08003998                . = ALIGN (0x4)

.rel.dyn        0x08003998        0x0
 .rel.iplt      0x08003998        0x0 c:/st/eclipse/plugins/fr.ac6.mcu.externaltools.arm-none.win32_1.13.2.201703061525/tools/compiler/bin/../lib/gcc/arm-none-eabi/5.4.1/armv7e-m/fpu/crtbegin.o

.ARM.extab
 *(.ARM.extab* .gnu.linkonce.armextab.*)

.ARM            0x08003998        0x0
                0x08003998                __exidx_start = .
 *(.ARM.exidx*)
                0x08003998                __exidx_end = .

.preinit_array  0x08003998        0x0
                0x08003998                PROVIDE (__preinit_array_start, .)
 *(.preinit_array*)
                0x08003998                PROVIDE (__preinit_array_end, .)

.init_array     0x08003998        0x4
                0x08003998                PROVIDE (__init_array_start, .)
 *(SORT(.init_array.*))
 *(.init_array*)
 .init_array    0x08003998        0x4 c:/st/eclipse/plugins/fr.ac6.mcu.externaltools.arm-none.win32_1.13.2.201703061525/tools/compiler/bin/../lib/gcc/arm-none-eabi/5.4.1/armv7e-m/fpu/crtbegin.o
                0x0800399c                PROVIDE (__init_array_end, .)

.fini_array     0x0800399c        0x4
                [!provide]                PROVIDE (__fini_array_start, .)
 *(SORT(.fini_array.*))
 *(.fini_array*)
 .fini_array    0x0800399c        0x4 c:/st/eclipse/plugins/fr.ac6.mcu.externaltools.arm-none.win32_1.13.2.201703061525/tools/compiler/bin/../lib/gcc/arm-none-eabi/5.4.1/armv7e-m/fpu/crtbegin.o
                [!provide]                PROVIDE (__fini_array_end, .)
                0x080039a0                _sidata = LOADADDR (.data)

.data           0x20000000       0x6c load address 0x080039a0
                0x20000000                . = ALIGN (0x4)
                0x20000000                _sdata = .
 *(.data)
 .data          0x20000000        0x4 Src/system_stm32f4xx.o
                0x20000000                SystemCoreClock
 *(.data*)
 .data.impure_data
                0x20000004       0x60 c:/st/eclipse/plugins/fr.ac6.mcu.externaltools.arm-none.win32_1.13.2.201703061525/tools/compiler/bin/../lib/gcc/arm-none-eabi/5.4.1/../../../../arm-none-eabi/lib/armv7e-m/fpu\libc_nano.a(lib_a-impure.o)
 .data._impure_ptr
                0x20000064        0x4 c:/st/eclipse/plugins/fr.ac6.mcu.externaltools.arm-none.win32_1.13.2.201703061525/tools/compiler/bin/../lib/gcc/arm-none-eabi/5.4.1/../../../../arm-none-eabi/lib/armv7e-m/fpu\libc_nano.a(lib_a-impure.o)
                0x20000064                _impure_ptr
 .data.__fdlib_version
                0x20000068        0x1 c:/st/eclipse/plugins/fr.ac6.mcu.externaltools.arm-none.win32_1.13.2.201703061525/tools/compiler/bin/../lib/gcc/arm-none-eabi/5.4.1/../../../../arm-none-eabi/lib/armv7e-m/fpu\libm.a(lib_a-s_lib_ver.o)
                0x20000068                __fdlib_version
                0x2000006c                . = ALIGN (0x4)
 *fill*         0x20000069        0x3 
                0x2000006c                _edata = .

.jcr            0x2000006c        0x0 load address 0x08003a0c
 .jcr           0x2000006c        0x0 c:/st/eclipse/plugins/fr.ac6.mcu.externaltools.arm-none.win32_1.13.2.201703061525/tools/compiler/bin/../lib/gcc/arm-none-eabi/5.4.1/armv7e-m/fpu/crtbegin.o

.igot.plt       0x2000006c        0x0 load address 0x08003a0c
 .igot.plt      0x2000006c        0x0 c:/st/eclipse/plugins/fr.ac6.mcu.externaltools.arm-none.win32_1.13.2.201703061525/tools/compiler/bin/../lib/gcc/arm-none-eabi/5.4.1/armv7e-m/fpu/crtbegin.o
                0x2000006c                . = ALIGN (0x4)

.bss            0x20000070      0x3e8 load address 0x08003a0c
                0x20000070                _sbss = .
                0x20000070                __bss_start__ = _sbss
 *(.bss)
 .bss           0x20000070       0x1c c:/st/eclipse/plugins/fr.ac6.mcu.externaltools.arm-none.win32_1.13.2.201703061525/tools/compiler/bin/../lib/gcc/arm-none-eabi/5.4.1/armv7e-m/fpu/crtbegin.o
 .bss           0x2000008c        0x9 Src/main.o
                0x2000008c                check
                0x20000090                Media_som
                0x20000094                count
 *fill*         0x20000095        0x3 
 .bss           0x20000098        0x8 Src/syscalls.o
                0x2000009c                __env
 *(.bss*)
 .bss.__malloc_sbrk_start
                0x200000a0        0x4 c:/st/eclipse/plugins/fr.ac6.mcu.externaltools.arm-none.win32_1.13.2.201703061525/tools/compiler/bin/../lib/gcc/arm-none-eabi/5.4.1/../../../../arm-none-eabi/lib/armv7e-m/fpu\libc_nano.a(lib_a-nano-mallocr.o)
                0x200000a0                __malloc_sbrk_start
 .bss.__malloc_free_list
                0x200000a4        0x4 c:/st/eclipse/plugins/fr.ac6.mcu.externaltools.arm-none.win32_1.13.2.201703061525/tools/compiler/bin/../lib/gcc/arm-none-eabi/5.4.1/../../../../arm-none-eabi/lib/armv7e-m/fpu\libc_nano.a(lib_a-nano-mallocr.o)
                0x200000a4                __malloc_free_list
 *(COMMON)
 COMMON         0x200000a8        0x4 Drivers/STM32F4xx_HAL_Driver/Src/stm32f4xx_hal.o
                0x200000a8                uwTick
 *fill*         0x200000ac        0x4 
 COMMON         0x200000b0      0x3a1 Src/main.o
                0x200000b0                Rh_Integral
                0x200000b1                temp_char2
                0x200000b4                hadc2
                0x200000fc                Texto_Serial
                0x20000160                sum
                0x20000164                rh_high
                0x20000168                RH
                0x2000016c                Media_T
                0x20000170                htim3
                0x200001ac                Temp_Integral
                0x200001ae                TEMP
                0x200001b0                rh_char2
                0x200001b4                hadc1
                0x200001fc                temp_high
                0x20000200                value_som
                0x200002c8                huart1
                0x20000308                hdma_adc1
                0x20000368                GPIO_InitStruct
                0x2000037c                rh_low
                0x20000380                temp_char1
                0x20000384                Media_Luz
                0x20000388                Temp_Decimal
                0x2000038a                value_luz
                0x200003a0                huart2
                0x200003e0                hdma_adc2
                0x20000440                temp_low
                0x20000444                rh_char1
                0x20000448                dB
                0x20000450                Rh_Decimal
 *fill*         0x20000451        0x3 
 COMMON         0x20000454        0x4 c:/st/eclipse/plugins/fr.ac6.mcu.externaltools.arm-none.win32_1.13.2.201703061525/tools/compiler/bin/../lib/gcc/arm-none-eabi/5.4.1/../../../../arm-none-eabi/lib/armv7e-m/fpu\libc_nano.a(lib_a-reent.o)
                0x20000454                errno
                0x20000458                . = ALIGN (0x4)
                0x20000458                _ebss = .
                0x20000458                __bss_end__ = _ebss

._user_heap_stack
                0x20000458      0x600 load address 0x08003a0c
                0x20000458                . = ALIGN (0x8)
                0x20000458                PROVIDE (end, .)
                [!provide]                PROVIDE (_end, .)
                0x20000658                . = (. + _Min_Heap_Size)
 *fill*         0x20000458      0x200 
                0x20000a58                . = (. + _Min_Stack_Size)
 *fill*         0x20000658      0x400 
                0x20000a58                . = ALIGN (0x8)

/DISCARD/
 libc.a(*)
 libm.a(*)
 libgcc.a(*)

.ARM.attributes
                0x00000000       0x30
 *(.ARM.attributes)
 .ARM.attributes
                0x00000000       0x22 c:/st/eclipse/plugins/fr.ac6.mcu.externaltools.arm-none.win32_1.13.2.201703061525/tools/compiler/bin/../lib/gcc/arm-none-eabi/5.4.1/armv7e-m/fpu/crti.o
 .ARM.attributes
                0x00000022       0x34 c:/st/eclipse/plugins/fr.ac6.mcu.externaltools.arm-none.win32_1.13.2.201703061525/tools/compiler/bin/../lib/gcc/arm-none-eabi/5.4.1/armv7e-m/fpu/crtbegin.o
 .ARM.attributes
                0x00000056       0x39 Drivers/STM32F4xx_HAL_Driver/Src/stm32f4xx_hal.o
 .ARM.attributes
                0x0000008f       0x39 Drivers/STM32F4xx_HAL_Driver/Src/stm32f4xx_hal_adc.o
 .ARM.attributes
                0x000000c8       0x39 Drivers/STM32F4xx_HAL_Driver/Src/stm32f4xx_hal_cortex.o
 .ARM.attributes
                0x00000101       0x39 Drivers/STM32F4xx_HAL_Driver/Src/stm32f4xx_hal_dma.o
 .ARM.attributes
                0x0000013a       0x39 Drivers/STM32F4xx_HAL_Driver/Src/stm32f4xx_hal_gpio.o
 .ARM.attributes
                0x00000173       0x39 Drivers/STM32F4xx_HAL_Driver/Src/stm32f4xx_hal_rcc.o
 .ARM.attributes
                0x000001ac       0x39 Drivers/STM32F4xx_HAL_Driver/Src/stm32f4xx_hal_rcc_ex.o
 .ARM.attributes
                0x000001e5       0x39 Drivers/STM32F4xx_HAL_Driver/Src/stm32f4xx_hal_tim.o
 .ARM.attributes
                0x0000021e       0x39 Drivers/STM32F4xx_HAL_Driver/Src/stm32f4xx_hal_tim_ex.o
 .ARM.attributes
                0x00000257       0x39 Drivers/STM32F4xx_HAL_Driver/Src/stm32f4xx_hal_uart.o
 .ARM.attributes
                0x00000290       0x39 Src/dwt_stm32_delay.o
 .ARM.attributes
                0x000002c9       0x39 Src/main.o
 .ARM.attributes
                0x00000302       0x39 Src/stm32f4xx_hal_msp.o
 .ARM.attributes
                0x0000033b       0x39 Src/stm32f4xx_it.o
 .ARM.attributes
                0x00000374       0x39 Src/syscalls.o
 .ARM.attributes
                0x000003ad       0x39 Src/system_stm32f4xx.o
 .ARM.attributes
                0x000003e6       0x21 startup/startup_stm32f446xx.o
 .ARM.attributes
                0x00000407       0x22 c:/st/eclipse/plugins/fr.ac6.mcu.externaltools.arm-none.win32_1.13.2.201703061525/tools/compiler/bin/../lib/gcc/arm-none-eabi/5.4.1/armv7e-m/fpu\libgcc.a(_arm_addsubdf3.o)
 .ARM.attributes
                0x00000429       0x22 c:/st/eclipse/plugins/fr.ac6.mcu.externaltools.arm-none.win32_1.13.2.201703061525/tools/compiler/bin/../lib/gcc/arm-none-eabi/5.4.1/armv7e-m/fpu\libgcc.a(_arm_muldivdf3.o)
 .ARM.attributes
                0x0000044b       0x22 c:/st/eclipse/plugins/fr.ac6.mcu.externaltools.arm-none.win32_1.13.2.201703061525/tools/compiler/bin/../lib/gcc/arm-none-eabi/5.4.1/armv7e-m/fpu\libgcc.a(_arm_fixdfsi.o)
 .ARM.attributes
                0x0000046d       0x34 c:/st/eclipse/plugins/fr.ac6.mcu.externaltools.arm-none.win32_1.13.2.201703061525/tools/compiler/bin/../lib/gcc/arm-none-eabi/5.4.1/../../../../arm-none-eabi/lib/armv7e-m/fpu\libc_nano.a(lib_a-errno.o)
 .ARM.attributes
                0x000004a1       0x34 c:/st/eclipse/plugins/fr.ac6.mcu.externaltools.arm-none.win32_1.13.2.201703061525/tools/compiler/bin/../lib/gcc/arm-none-eabi/5.4.1/../../../../arm-none-eabi/lib/armv7e-m/fpu\libc_nano.a(lib_a-impure.o)
 .ARM.attributes
                0x000004d5       0x34 c:/st/eclipse/plugins/fr.ac6.mcu.externaltools.arm-none.win32_1.13.2.201703061525/tools/compiler/bin/../lib/gcc/arm-none-eabi/5.4.1/../../../../arm-none-eabi/lib/armv7e-m/fpu\libc_nano.a(lib_a-init.o)
 .ARM.attributes
                0x00000509       0x34 c:/st/eclipse/plugins/fr.ac6.mcu.externaltools.arm-none.win32_1.13.2.201703061525/tools/compiler/bin/../lib/gcc/arm-none-eabi/5.4.1/../../../../arm-none-eabi/lib/armv7e-m/fpu\libc_nano.a(lib_a-sprintf.o)
 .ARM.attributes
                0x0000053d       0x34 c:/st/eclipse/plugins/fr.ac6.mcu.externaltools.arm-none.win32_1.13.2.201703061525/tools/compiler/bin/../lib/gcc/arm-none-eabi/5.4.1/../../../../arm-none-eabi/lib/armv7e-m/fpu\libc_nano.a(lib_a-nano-svfprintf.o)
 .ARM.attributes
                0x00000571       0x34 c:/st/eclipse/plugins/fr.ac6.mcu.externaltools.arm-none.win32_1.13.2.201703061525/tools/compiler/bin/../lib/gcc/arm-none-eabi/5.4.1/../../../../arm-none-eabi/lib/armv7e-m/fpu\libc_nano.a(lib_a-nano-vfprintf_i.o)
 .ARM.attributes
                0x000005a5       0x20 c:/st/eclipse/plugins/fr.ac6.mcu.externaltools.arm-none.win32_1.13.2.201703061525/tools/compiler/bin/../lib/gcc/arm-none-eabi/5.4.1/../../../../arm-none-eabi/lib/armv7e-m/fpu\libc_nano.a(lib_a-memchr.o)
 .ARM.attributes
                0x000005c5       0x34 c:/st/eclipse/plugins/fr.ac6.mcu.externaltools.arm-none.win32_1.13.2.201703061525/tools/compiler/bin/../lib/gcc/arm-none-eabi/5.4.1/../../../../arm-none-eabi/lib/armv7e-m/fpu\libc_nano.a(lib_a-memcpy-stub.o)
 .ARM.attributes
                0x000005f9       0x34 c:/st/eclipse/plugins/fr.ac6.mcu.externaltools.arm-none.win32_1.13.2.201703061525/tools/compiler/bin/../lib/gcc/arm-none-eabi/5.4.1/../../../../arm-none-eabi/lib/armv7e-m/fpu\libc_nano.a(lib_a-memmove.o)
 .ARM.attributes
                0x0000062d       0x34 c:/st/eclipse/plugins/fr.ac6.mcu.externaltools.arm-none.win32_1.13.2.201703061525/tools/compiler/bin/../lib/gcc/arm-none-eabi/5.4.1/../../../../arm-none-eabi/lib/armv7e-m/fpu\libc_nano.a(lib_a-nano-freer.o)
 .ARM.attributes
                0x00000661       0x34 c:/st/eclipse/plugins/fr.ac6.mcu.externaltools.arm-none.win32_1.13.2.201703061525/tools/compiler/bin/../lib/gcc/arm-none-eabi/5.4.1/../../../../arm-none-eabi/lib/armv7e-m/fpu\libc_nano.a(lib_a-nano-mallocr.o)
 .ARM.attributes
                0x00000695       0x34 c:/st/eclipse/plugins/fr.ac6.mcu.externaltools.arm-none.win32_1.13.2.201703061525/tools/compiler/bin/../lib/gcc/arm-none-eabi/5.4.1/../../../../arm-none-eabi/lib/armv7e-m/fpu\libc_nano.a(lib_a-nano-reallocr.o)
 .ARM.attributes
                0x000006c9       0x34 c:/st/eclipse/plugins/fr.ac6.mcu.externaltools.arm-none.win32_1.13.2.201703061525/tools/compiler/bin/../lib/gcc/arm-none-eabi/5.4.1/../../../../arm-none-eabi/lib/armv7e-m/fpu\libc_nano.a(lib_a-sbrkr.o)
 .ARM.attributes
                0x000006fd       0x34 c:/st/eclipse/plugins/fr.ac6.mcu.externaltools.arm-none.win32_1.13.2.201703061525/tools/compiler/bin/../lib/gcc/arm-none-eabi/5.4.1/../../../../arm-none-eabi/lib/armv7e-m/fpu\libc_nano.a(lib_a-mlock.o)
 .ARM.attributes
                0x00000731       0x34 c:/st/eclipse/plugins/fr.ac6.mcu.externaltools.arm-none.win32_1.13.2.201703061525/tools/compiler/bin/../lib/gcc/arm-none-eabi/5.4.1/../../../../arm-none-eabi/lib/armv7e-m/fpu\libc_nano.a(lib_a-nano-msizer.o)
 .ARM.attributes
                0x00000765       0x34 c:/st/eclipse/plugins/fr.ac6.mcu.externaltools.arm-none.win32_1.13.2.201703061525/tools/compiler/bin/../lib/gcc/arm-none-eabi/5.4.1/../../../../arm-none-eabi/lib/armv7e-m/fpu\libc_nano.a(lib_a-reent.o)
 .ARM.attributes
                0x00000799       0x22 c:/st/eclipse/plugins/fr.ac6.mcu.externaltools.arm-none.win32_1.13.2.201703061525/tools/compiler/bin/../lib/gcc/arm-none-eabi/5.4.1/armv7e-m/fpu/crtn.o
OUTPUT(P. DDZ.elf elf32-littlearm)

.debug_info     0x00000000     0xed57
 .debug_info    0x00000000      0x932 Drivers/STM32F4xx_HAL_Driver/Src/stm32f4xx_hal.o
 .debug_info    0x00000932      0xcc2 Drivers/STM32F4xx_HAL_Driver/Src/stm32f4xx_hal_adc.o
 .debug_info    0x000015f4      0xe9d Drivers/STM32F4xx_HAL_Driver/Src/stm32f4xx_hal_cortex.o
 .debug_info    0x00002491      0xa2c Drivers/STM32F4xx_HAL_Driver/Src/stm32f4xx_hal_dma.o
 .debug_info    0x00002ebd      0x77f Drivers/STM32F4xx_HAL_Driver/Src/stm32f4xx_hal_gpio.o
 .debug_info    0x0000363c      0xcd7 Drivers/STM32F4xx_HAL_Driver/Src/stm32f4xx_hal_rcc.o
 .debug_info    0x00004313     0x1300 Drivers/STM32F4xx_HAL_Driver/Src/stm32f4xx_hal_rcc_ex.o
 .debug_info    0x00005613     0x2eaa Drivers/STM32F4xx_HAL_Driver/Src/stm32f4xx_hal_tim.o
 .debug_info    0x000084bd      0xf6f Drivers/STM32F4xx_HAL_Driver/Src/stm32f4xx_hal_tim_ex.o
 .debug_info    0x0000942c     0x14ed Drivers/STM32F4xx_HAL_Driver/Src/stm32f4xx_hal_uart.o
 .debug_info    0x0000a919      0x27c Src/dwt_stm32_delay.o
 .debug_info    0x0000ab95     0x1e82 Src/main.o
 .debug_info    0x0000ca17     0x1260 Src/stm32f4xx_hal_msp.o
 .debug_info    0x0000dc77      0x3b1 Src/stm32f4xx_it.o
 .debug_info    0x0000e028      0x795 Src/syscalls.o
 .debug_info    0x0000e7bd      0x534 Src/system_stm32f4xx.o
 .debug_info    0x0000ecf1       0x66 startup/startup_stm32f446xx.o

.debug_abbrev   0x00000000     0x2592
 .debug_abbrev  0x00000000      0x247 Drivers/STM32F4xx_HAL_Driver/Src/stm32f4xx_hal.o
 .debug_abbrev  0x00000247      0x2c8 Drivers/STM32F4xx_HAL_Driver/Src/stm32f4xx_hal_adc.o
 .debug_abbrev  0x0000050f      0x332 Drivers/STM32F4xx_HAL_Driver/Src/stm32f4xx_hal_cortex.o
 .debug_abbrev  0x00000841      0x2e0 Drivers/STM32F4xx_HAL_Driver/Src/stm32f4xx_hal_dma.o
 .debug_abbrev  0x00000b21      0x1cb Drivers/STM32F4xx_HAL_Driver/Src/stm32f4xx_hal_gpio.o
 .debug_abbrev  0x00000cec      0x321 Drivers/STM32F4xx_HAL_Driver/Src/stm32f4xx_hal_rcc.o
 .debug_abbrev  0x0000100d      0x269 Drivers/STM32F4xx_HAL_Driver/Src/stm32f4xx_hal_rcc_ex.o
 .debug_abbrev  0x00001276      0x314 Drivers/STM32F4xx_HAL_Driver/Src/stm32f4xx_hal_tim.o
 .debug_abbrev  0x0000158a      0x273 Drivers/STM32F4xx_HAL_Driver/Src/stm32f4xx_hal_tim_ex.o
 .debug_abbrev  0x000017fd      0x30b Drivers/STM32F4xx_HAL_Driver/Src/stm32f4xx_hal_uart.o
 .debug_abbrev  0x00001b08       0xae Src/dwt_stm32_delay.o
 .debug_abbrev  0x00001bb6      0x354 Src/main.o
 .debug_abbrev  0x00001f0a      0x240 Src/stm32f4xx_hal_msp.o
 .debug_abbrev  0x0000214a      0x153 Src/stm32f4xx_it.o
 .debug_abbrev  0x0000229d      0x1df Src/syscalls.o
 .debug_abbrev  0x0000247c      0x104 Src/system_stm32f4xx.o
 .debug_abbrev  0x00002580       0x12 startup/startup_stm32f446xx.o

.debug_loc      0x00000000     0x7c9b
 .debug_loc     0x00000000       0x92 Drivers/STM32F4xx_HAL_Driver/Src/stm32f4xx_hal.o
 .debug_loc     0x00000092      0x771 Drivers/STM32F4xx_HAL_Driver/Src/stm32f4xx_hal_adc.o
 .debug_loc     0x00000803      0x4ab Drivers/STM32F4xx_HAL_Driver/Src/stm32f4xx_hal_cortex.o
 .debug_loc     0x00000cae      0x757 Drivers/STM32F4xx_HAL_Driver/Src/stm32f4xx_hal_dma.o
 .debug_loc     0x00001405      0x374 Drivers/STM32F4xx_HAL_Driver/Src/stm32f4xx_hal_gpio.o
 .debug_loc     0x00001779      0x485 Drivers/STM32F4xx_HAL_Driver/Src/stm32f4xx_hal_rcc.o
 .debug_loc     0x00001bfe      0xcdd Drivers/STM32F4xx_HAL_Driver/Src/stm32f4xx_hal_rcc_ex.o
 .debug_loc     0x000028db     0x3146 Drivers/STM32F4xx_HAL_Driver/Src/stm32f4xx_hal_tim.o
 .debug_loc     0x00005a21      0x7b9 Drivers/STM32F4xx_HAL_Driver/Src/stm32f4xx_hal_tim_ex.o
 .debug_loc     0x000061da     0x13b0 Drivers/STM32F4xx_HAL_Driver/Src/stm32f4xx_hal_uart.o
 .debug_loc     0x0000758a      0x13f Src/main.o
 .debug_loc     0x000076c9       0xdc Src/stm32f4xx_hal_msp.o
 .debug_loc     0x000077a5      0x41f Src/syscalls.o
 .debug_loc     0x00007bc4       0xd7 Src/system_stm32f4xx.o

.debug_aranges  0x00000000      0xa70
 .debug_aranges
                0x00000000       0xb8 Drivers/STM32F4xx_HAL_Driver/Src/stm32f4xx_hal.o
 .debug_aranges
                0x000000b8       0xb8 Drivers/STM32F4xx_HAL_Driver/Src/stm32f4xx_hal_adc.o
 .debug_aranges
                0x00000170       0x98 Drivers/STM32F4xx_HAL_Driver/Src/stm32f4xx_hal_cortex.o
 .debug_aranges
                0x00000208       0x80 Drivers/STM32F4xx_HAL_Driver/Src/stm32f4xx_hal_dma.o
 .debug_aranges
                0x00000288       0x58 Drivers/STM32F4xx_HAL_Driver/Src/stm32f4xx_hal_gpio.o
 .debug_aranges
                0x000002e0       0x80 Drivers/STM32F4xx_HAL_Driver/Src/stm32f4xx_hal_rcc.o
 .debug_aranges
                0x00000360       0x58 Drivers/STM32F4xx_HAL_Driver/Src/stm32f4xx_hal_rcc_ex.o
 .debug_aranges
                0x000003b8      0x250 Drivers/STM32F4xx_HAL_Driver/Src/stm32f4xx_hal_tim.o
 .debug_aranges
                0x00000608       0xf0 Drivers/STM32F4xx_HAL_Driver/Src/stm32f4xx_hal_tim_ex.o
 .debug_aranges
                0x000006f8      0x170 Drivers/STM32F4xx_HAL_Driver/Src/stm32f4xx_hal_uart.o
 .debug_aranges
                0x00000868       0x20 Src/dwt_stm32_delay.o
 .debug_aranges
                0x00000888       0x68 Src/main.o
 .debug_aranges
                0x000008f0       0x50 Src/stm32f4xx_hal_msp.o
 .debug_aranges
                0x00000940       0x30 Src/stm32f4xx_it.o
 .debug_aranges
                0x00000970       0xb0 Src/syscalls.o
 .debug_aranges
                0x00000a20       0x28 Src/system_stm32f4xx.o
 .debug_aranges
                0x00000a48       0x28 startup/startup_stm32f446xx.o

.debug_ranges   0x00000000     0x1048
 .debug_ranges  0x00000000       0xa8 Drivers/STM32F4xx_HAL_Driver/Src/stm32f4xx_hal.o
 .debug_ranges  0x000000a8       0xc0 Drivers/STM32F4xx_HAL_Driver/Src/stm32f4xx_hal_adc.o
 .debug_ranges  0x00000168      0x148 Drivers/STM32F4xx_HAL_Driver/Src/stm32f4xx_hal_cortex.o
 .debug_ranges  0x000002b0       0xa8 Drivers/STM32F4xx_HAL_Driver/Src/stm32f4xx_hal_dma.o
 .debug_ranges  0x00000358       0x70 Drivers/STM32F4xx_HAL_Driver/Src/stm32f4xx_hal_gpio.o
 .debug_ranges  0x000003c8      0x150 Drivers/STM32F4xx_HAL_Driver/Src/stm32f4xx_hal_rcc.o
 .debug_ranges  0x00000518      0x2d0 Drivers/STM32F4xx_HAL_Driver/Src/stm32f4xx_hal_rcc_ex.o
 .debug_ranges  0x000007e8      0x330 Drivers/STM32F4xx_HAL_Driver/Src/stm32f4xx_hal_tim.o
 .debug_ranges  0x00000b18       0xe0 Drivers/STM32F4xx_HAL_Driver/Src/stm32f4xx_hal_tim_ex.o
 .debug_ranges  0x00000bf8      0x178 Drivers/STM32F4xx_HAL_Driver/Src/stm32f4xx_hal_uart.o
 .debug_ranges  0x00000d70       0x10 Src/dwt_stm32_delay.o
 .debug_ranges  0x00000d80      0x150 Src/main.o
 .debug_ranges  0x00000ed0       0x80 Src/stm32f4xx_hal_msp.o
 .debug_ranges  0x00000f50       0x20 Src/stm32f4xx_it.o
 .debug_ranges  0x00000f70       0xa0 Src/syscalls.o
 .debug_ranges  0x00001010       0x18 Src/system_stm32f4xx.o
 .debug_ranges  0x00001028       0x20 startup/startup_stm32f446xx.o

.debug_macro    0x00000000    0x239af
 .debug_macro   0x00000000      0x387 Drivers/STM32F4xx_HAL_Driver/Src/stm32f4xx_hal.o
 .debug_macro   0x00000387      0x89e Drivers/STM32F4xx_HAL_Driver/Src/stm32f4xx_hal.o
 .debug_macro   0x00000c25       0x52 Drivers/STM32F4xx_HAL_Driver/Src/stm32f4xx_hal.o
 .debug_macro   0x00000c77      0x185 Drivers/STM32F4xx_HAL_Driver/Src/stm32f4xx_hal.o
 .debug_macro   0x00000dfc       0x33 Drivers/STM32F4xx_HAL_Driver/Src/stm32f4xx_hal.o
 .debug_macro   0x00000e2f       0x28 Drivers/STM32F4xx_HAL_Driver/Src/stm32f4xx_hal.o
 .debug_macro   0x00000e57       0x22 Drivers/STM32F4xx_HAL_Driver/Src/stm32f4xx_hal.o
 .debug_macro   0x00000e79       0x87 Drivers/STM32F4xx_HAL_Driver/Src/stm32f4xx_hal.o
 .debug_macro   0x00000f00       0x44 Drivers/STM32F4xx_HAL_Driver/Src/stm32f4xx_hal.o
 .debug_macro   0x00000f44       0xfd Drivers/STM32F4xx_HAL_Driver/Src/stm32f4xx_hal.o
 .debug_macro   0x00001041       0x5e Drivers/STM32F4xx_HAL_Driver/Src/stm32f4xx_hal.o
 .debug_macro   0x0000109f      0x1df Drivers/STM32F4xx_HAL_Driver/Src/stm32f4xx_hal.o
 .debug_macro   0x0000127e       0x35 Drivers/STM32F4xx_HAL_Driver/Src/stm32f4xx_hal.o
 .debug_macro   0x000012b3       0x50 Drivers/STM32F4xx_HAL_Driver/Src/stm32f4xx_hal.o
 .debug_macro   0x00001303      0xe66 Drivers/STM32F4xx_HAL_Driver/Src/stm32f4xx_hal.o
 .debug_macro   0x00002169    0x1661c Drivers/STM32F4xx_HAL_Driver/Src/stm32f4xx_hal.o
 .debug_macro   0x00018785       0x43 Drivers/STM32F4xx_HAL_Driver/Src/stm32f4xx_hal.o
 .debug_macro   0x000187c8     0x347f Drivers/STM32F4xx_HAL_Driver/Src/stm32f4xx_hal.o
 .debug_macro   0x0001bc47       0x52 Drivers/STM32F4xx_HAL_Driver/Src/stm32f4xx_hal.o
 .debug_macro   0x0001bc99       0x35 Drivers/STM32F4xx_HAL_Driver/Src/stm32f4xx_hal.o
 .debug_macro   0x0001bcce       0x9c Drivers/STM32F4xx_HAL_Driver/Src/stm32f4xx_hal.o
 .debug_macro   0x0001bd6a       0x16 Drivers/STM32F4xx_HAL_Driver/Src/stm32f4xx_hal.o
 .debug_macro   0x0001bd80       0x97 Drivers/STM32F4xx_HAL_Driver/Src/stm32f4xx_hal.o
 .debug_macro   0x0001be17      0x30d Drivers/STM32F4xx_HAL_Driver/Src/stm32f4xx_hal.o
 .debug_macro   0x0001c124       0xfd Drivers/STM32F4xx_HAL_Driver/Src/stm32f4xx_hal.o
 .debug_macro   0x0001c221       0x10 Drivers/STM32F4xx_HAL_Driver/Src/stm32f4xx_hal.o
 .debug_macro   0x0001c231       0x52 Drivers/STM32F4xx_HAL_Driver/Src/stm32f4xx_hal.o
 .debug_macro   0x0001c283       0x1f Drivers/STM32F4xx_HAL_Driver/Src/stm32f4xx_hal.o
 .debug_macro   0x0001c2a2       0x43 Drivers/STM32F4xx_HAL_Driver/Src/stm32f4xx_hal.o
 .debug_macro   0x0001c2e5       0x20 Drivers/STM32F4xx_HAL_Driver/Src/stm32f4xx_hal.o
 .debug_macro   0x0001c305      0x187 Drivers/STM32F4xx_HAL_Driver/Src/stm32f4xx_hal.o
 .debug_macro   0x0001c48c       0x10 Drivers/STM32F4xx_HAL_Driver/Src/stm32f4xx_hal.o
 .debug_macro   0x0001c49c       0x1c Drivers/STM32F4xx_HAL_Driver/Src/stm32f4xx_hal.o
 .debug_macro   0x0001c4b8       0x52 Drivers/STM32F4xx_HAL_Driver/Src/stm32f4xx_hal.o
 .debug_macro   0x0001c50a       0x40 Drivers/STM32F4xx_HAL_Driver/Src/stm32f4xx_hal.o
 .debug_macro   0x0001c54a       0x10 Drivers/STM32F4xx_HAL_Driver/Src/stm32f4xx_hal.o
 .debug_macro   0x0001c55a       0x40 Drivers/STM32F4xx_HAL_Driver/Src/stm32f4xx_hal.o
 .debug_macro   0x0001c59a       0xd7 Drivers/STM32F4xx_HAL_Driver/Src/stm32f4xx_hal.o
 .debug_macro   0x0001c671       0x16 Drivers/STM32F4xx_HAL_Driver/Src/stm32f4xx_hal.o
 .debug_macro   0x0001c687      0x18b Drivers/STM32F4xx_HAL_Driver/Src/stm32f4xx_hal.o
 .debug_macro   0x0001c812       0x50 Drivers/STM32F4xx_HAL_Driver/Src/stm32f4xx_hal.o
 .debug_macro   0x0001c862      0xc9e Drivers/STM32F4xx_HAL_Driver/Src/stm32f4xx_hal.o
 .debug_macro   0x0001d500      0x9e1 Drivers/STM32F4xx_HAL_Driver/Src/stm32f4xx_hal.o
 .debug_macro   0x0001dee1      0x11e Drivers/STM32F4xx_HAL_Driver/Src/stm32f4xx_hal.o
 .debug_macro   0x0001dfff      0x1a0 Drivers/STM32F4xx_HAL_Driver/Src/stm32f4xx_hal.o
 .debug_macro   0x0001e19f       0x27 Drivers/STM32F4xx_HAL_Driver/Src/stm32f4xx_hal.o
 .debug_macro   0x0001e1c6      0x287 Drivers/STM32F4xx_HAL_Driver/Src/stm32f4xx_hal.o
 .debug_macro   0x0001e44d       0x5f Drivers/STM32F4xx_HAL_Driver/Src/stm32f4xx_hal.o
 .debug_macro   0x0001e4ac      0x23a Drivers/STM32F4xx_HAL_Driver/Src/stm32f4xx_hal.o
 .debug_macro   0x0001e6e6      0x391 Drivers/STM32F4xx_HAL_Driver/Src/stm32f4xx_hal.o
 .debug_macro   0x0001ea77      0x176 Drivers/STM32F4xx_HAL_Driver/Src/stm32f4xx_hal.o
 .debug_macro   0x0001ebed       0xf9 Drivers/STM32F4xx_HAL_Driver/Src/stm32f4xx_hal.o
 .debug_macro   0x0001ece6      0x13a Drivers/STM32F4xx_HAL_Driver/Src/stm32f4xx_hal.o
 .debug_macro   0x0001ee20      0x29c Drivers/STM32F4xx_HAL_Driver/Src/stm32f4xx_hal.o
 .debug_macro   0x0001f0bc       0x2e Drivers/STM32F4xx_HAL_Driver/Src/stm32f4xx_hal.o
 .debug_macro   0x0001f0ea      0x11e Drivers/STM32F4xx_HAL_Driver/Src/stm32f4xx_hal.o
 .debug_macro   0x0001f208       0xe8 Drivers/STM32F4xx_HAL_Driver/Src/stm32f4xx_hal.o
 .debug_macro   0x0001f2f0       0x89 Drivers/STM32F4xx_HAL_Driver/Src/stm32f4xx_hal.o
 .debug_macro   0x0001f379      0x6d9 Drivers/STM32F4xx_HAL_Driver/Src/stm32f4xx_hal.o
 .debug_macro   0x0001fa52       0x62 Drivers/STM32F4xx_HAL_Driver/Src/stm32f4xx_hal.o
 .debug_macro   0x0001fab4      0x14d Drivers/STM32F4xx_HAL_Driver/Src/stm32f4xx_hal.o
 .debug_macro   0x0001fc01      0x287 Drivers/STM32F4xx_HAL_Driver/Src/stm32f4xx_hal.o
 .debug_macro   0x0001fe88      0x11e Drivers/STM32F4xx_HAL_Driver/Src/stm32f4xx_hal.o
 .debug_macro   0x0001ffa6      0x328 Drivers/STM32F4xx_HAL_Driver/Src/stm32f4xx_hal_adc.o
 .debug_macro   0x000202ce      0x327 Drivers/STM32F4xx_HAL_Driver/Src/stm32f4xx_hal_cortex.o
 .debug_macro   0x000205f5      0x32e Drivers/STM32F4xx_HAL_Driver/Src/stm32f4xx_hal_dma.o
 .debug_macro   0x00020923      0x35f Drivers/STM32F4xx_HAL_Driver/Src/stm32f4xx_hal_gpio.o
 .debug_macro   0x00020c82      0x351 Drivers/STM32F4xx_HAL_Driver/Src/stm32f4xx_hal_rcc.o
 .debug_macro   0x00020fd3      0x327 Drivers/STM32F4xx_HAL_Driver/Src/stm32f4xx_hal_rcc_ex.o
 .debug_macro   0x000212fa      0x328 Drivers/STM32F4xx_HAL_Driver/Src/stm32f4xx_hal_tim.o
 .debug_macro   0x00021622      0x327 Drivers/STM32F4xx_HAL_Driver/Src/stm32f4xx_hal_tim_ex.o
 .debug_macro   0x00021949      0x328 Drivers/STM32F4xx_HAL_Driver/Src/stm32f4xx_hal_uart.o
 .debug_macro   0x00021c71      0x331 Src/dwt_stm32_delay.o
 .debug_macro   0x00021fa2      0x360 Src/main.o
 .debug_macro   0x00022302      0x1e1 Src/main.o
 .debug_macro   0x000224e3      0x327 Src/stm32f4xx_hal_msp.o
 .debug_macro   0x0002280a      0x331 Src/stm32f4xx_it.o
 .debug_macro   0x00022b3b      0x22b Src/syscalls.o
 .debug_macro   0x00022d66       0x4c Src/syscalls.o
 .debug_macro   0x00022db2       0x8d Src/syscalls.o
 .debug_macro   0x00022e3f       0x4a Src/syscalls.o
 .debug_macro   0x00022e89      0x174 Src/syscalls.o
 .debug_macro   0x00022ffd       0x10 Src/syscalls.o
 .debug_macro   0x0002300d       0x35 Src/syscalls.o
 .debug_macro   0x00023042       0x10 Src/syscalls.o
 .debug_macro   0x00023052       0x10 Src/syscalls.o
 .debug_macro   0x00023062       0x35 Src/syscalls.o
 .debug_macro   0x00023097      0x122 Src/syscalls.o
 .debug_macro   0x000231b9       0x16 Src/syscalls.o
 .debug_macro   0x000231cf       0x16 Src/syscalls.o
 .debug_macro   0x000231e5       0x29 Src/syscalls.o
 .debug_macro   0x0002320e       0x10 Src/syscalls.o
 .debug_macro   0x0002321e      0x241 Src/syscalls.o
 .debug_macro   0x0002345f       0x1c Src/syscalls.o
 .debug_macro   0x0002347b       0x10 Src/syscalls.o
 .debug_macro   0x0002348b      0x159 Src/syscalls.o
 .debug_macro   0x000235e4       0x16 Src/syscalls.o
 .debug_macro   0x000235fa       0x88 Src/syscalls.o
 .debug_macro   0x00023682      0x32d Src/system_stm32f4xx.o

.debug_line     0x00000000     0xaa51
 .debug_line    0x00000000      0x8fe Drivers/STM32F4xx_HAL_Driver/Src/stm32f4xx_hal.o
 .debug_line    0x000008fe      0xbd7 Drivers/STM32F4xx_HAL_Driver/Src/stm32f4xx_hal_adc.o
 .debug_line    0x000014d5      0x973 Drivers/STM32F4xx_HAL_Driver/Src/stm32f4xx_hal_cortex.o
 .debug_line    0x00001e48      0xa8e Drivers/STM32F4xx_HAL_Driver/Src/stm32f4xx_hal_dma.o
 .debug_line    0x000028d6      0x940 Drivers/STM32F4xx_HAL_Driver/Src/stm32f4xx_hal_gpio.o
 .debug_line    0x00003216      0xaac Drivers/STM32F4xx_HAL_Driver/Src/stm32f4xx_hal_rcc.o
 .debug_line    0x00003cc2      0xd5c Drivers/STM32F4xx_HAL_Driver/Src/stm32f4xx_hal_rcc_ex.o
 .debug_line    0x00004a1e     0x15d2 Drivers/STM32F4xx_HAL_Driver/Src/stm32f4xx_hal_tim.o
 .debug_line    0x00005ff0      0xb6d Drivers/STM32F4xx_HAL_Driver/Src/stm32f4xx_hal_tim_ex.o
 .debug_line    0x00006b5d     0x104c Drivers/STM32F4xx_HAL_Driver/Src/stm32f4xx_hal_uart.o
 .debug_line    0x00007ba9      0x78a Src/dwt_stm32_delay.o
 .debug_line    0x00008333      0x997 Src/main.o
 .debug_line    0x00008cca      0x84a Src/stm32f4xx_hal_msp.o
 .debug_line    0x00009514      0x79f Src/stm32f4xx_it.o
 .debug_line    0x00009cb3      0x57f Src/syscalls.o
 .debug_line    0x0000a232      0x7a0 Src/system_stm32f4xx.o
 .debug_line    0x0000a9d2       0x7f startup/startup_stm32f446xx.o

.debug_str      0x00000000    0xce8bd
 .debug_str     0x00000000    0xc9df4 Drivers/STM32F4xx_HAL_Driver/Src/stm32f4xx_hal.o
                              0xca19f (size before relaxing)
 .debug_str     0x000c9df4      0x61d Drivers/STM32F4xx_HAL_Driver/Src/stm32f4xx_hal_adc.o
                              0xc9bdb (size before relaxing)
 .debug_str     0x000ca411      0x377 Drivers/STM32F4xx_HAL_Driver/Src/stm32f4xx_hal_cortex.o
                              0xc9f1f (size before relaxing)
 .debug_str     0x000ca788      0x30f Drivers/STM32F4xx_HAL_Driver/Src/stm32f4xx_hal_dma.o
                              0xc9aa5 (size before relaxing)
 .debug_str     0x000caa97      0x2e7 Drivers/STM32F4xx_HAL_Driver/Src/stm32f4xx_hal_gpio.o
                              0xc992d (size before relaxing)
 .debug_str     0x000cad7e      0x393 Drivers/STM32F4xx_HAL_Driver/Src/stm32f4xx_hal_rcc.o
                              0xc9ac1 (size before relaxing)
 .debug_str     0x000cb111      0x2bc Drivers/STM32F4xx_HAL_Driver/Src/stm32f4xx_hal_rcc_ex.o
                              0xc9a50 (size before relaxing)
 .debug_str     0x000cb3cd      0xbe3 Drivers/STM32F4xx_HAL_Driver/Src/stm32f4xx_hal_tim.o
                              0xca416 (size before relaxing)
 .debug_str     0x000cbfb0      0x419 Drivers/STM32F4xx_HAL_Driver/Src/stm32f4xx_hal_tim_ex.o
                              0xc9e65 (size before relaxing)
 .debug_str     0x000cc3c9      0x600 Drivers/STM32F4xx_HAL_Driver/Src/stm32f4xx_hal_uart.o
                              0xc9e0c (size before relaxing)
 .debug_str     0x000cc9c9       0xe3 Src/dwt_stm32_delay.o
                              0xc95af (size before relaxing)
 .debug_str     0x000ccaac      0xad5 Src/main.o
                              0xcb1dc (size before relaxing)
 .debug_str     0x000cd581       0xa3 Src/stm32f4xx_hal_msp.o
                              0xca3ed (size before relaxing)
 .debug_str     0x000cd624       0x68 Src/stm32f4xx_it.o
                              0xc9795 (size before relaxing)
 .debug_str     0x000cd68c     0x11c9 Src/syscalls.o
                               0x7738 (size before relaxing)
 .debug_str     0x000ce855       0x68 Src/system_stm32f4xx.o
                              0xc96b5 (size before relaxing)

.comment        0x00000000       0x6e
 .comment       0x00000000       0x6e Drivers/STM32F4xx_HAL_Driver/Src/stm32f4xx_hal.o
                                 0x6f (size before relaxing)
 .comment       0x0000006e       0x6f Drivers/STM32F4xx_HAL_Driver/Src/stm32f4xx_hal_adc.o
 .comment       0x0000006e       0x6f Drivers/STM32F4xx_HAL_Driver/Src/stm32f4xx_hal_cortex.o
 .comment       0x0000006e       0x6f Drivers/STM32F4xx_HAL_Driver/Src/stm32f4xx_hal_dma.o
 .comment       0x0000006e       0x6f Drivers/STM32F4xx_HAL_Driver/Src/stm32f4xx_hal_gpio.o
 .comment       0x0000006e       0x6f Drivers/STM32F4xx_HAL_Driver/Src/stm32f4xx_hal_rcc.o
 .comment       0x0000006e       0x6f Drivers/STM32F4xx_HAL_Driver/Src/stm32f4xx_hal_rcc_ex.o
 .comment       0x0000006e       0x6f Drivers/STM32F4xx_HAL_Driver/Src/stm32f4xx_hal_tim.o
 .comment       0x0000006e       0x6f Drivers/STM32F4xx_HAL_Driver/Src/stm32f4xx_hal_tim_ex.o
 .comment       0x0000006e       0x6f Drivers/STM32F4xx_HAL_Driver/Src/stm32f4xx_hal_uart.o
 .comment       0x0000006e       0x6f Src/dwt_stm32_delay.o
 .comment       0x0000006e       0x6f Src/main.o
 .comment       0x0000006e       0x6f Src/stm32f4xx_hal_msp.o
 .comment       0x0000006e       0x6f Src/stm32f4xx_it.o
 .comment       0x0000006e       0x6f Src/syscalls.o
 .comment       0x0000006e       0x6f Src/system_stm32f4xx.o

.debug_frame    0x00000000     0x20c0
 .debug_frame   0x00000000      0x184 Drivers/STM32F4xx_HAL_Driver/Src/stm32f4xx_hal.o
 .debug_frame   0x00000184      0x23c Drivers/STM32F4xx_HAL_Driver/Src/stm32f4xx_hal_adc.o
 .debug_frame   0x000003c0      0x130 Drivers/STM32F4xx_HAL_Driver/Src/stm32f4xx_hal_cortex.o
 .debug_frame   0x000004f0      0x150 Drivers/STM32F4xx_HAL_Driver/Src/stm32f4xx_hal_dma.o
 .debug_frame   0x00000640       0xd4 Drivers/STM32F4xx_HAL_Driver/Src/stm32f4xx_hal_gpio.o
 .debug_frame   0x00000714      0x138 Drivers/STM32F4xx_HAL_Driver/Src/stm32f4xx_hal_rcc.o
 .debug_frame   0x0000084c       0xd8 Drivers/STM32F4xx_HAL_Driver/Src/stm32f4xx_hal_rcc_ex.o
 .debug_frame   0x00000924      0x854 Drivers/STM32F4xx_HAL_Driver/Src/stm32f4xx_hal_tim.o
 .debug_frame   0x00001178      0x334 Drivers/STM32F4xx_HAL_Driver/Src/stm32f4xx_hal_tim_ex.o
 .debug_frame   0x000014ac      0x494 Drivers/STM32F4xx_HAL_Driver/Src/stm32f4xx_hal_uart.o
 .debug_frame   0x00001940       0x20 Src/dwt_stm32_delay.o
 .debug_frame   0x00001960      0x104 Src/main.o
 .debug_frame   0x00001a64       0xc4 Src/stm32f4xx_hal_msp.o
 .debug_frame   0x00001b28       0x4c Src/stm32f4xx_it.o
 .debug_frame   0x00001b74      0x1a8 Src/syscalls.o
 .debug_frame   0x00001d1c       0x30 Src/system_stm32f4xx.o
 .debug_frame   0x00001d4c       0x20 c:/st/eclipse/plugins/fr.ac6.mcu.externaltools.arm-none.win32_1.13.2.201703061525/tools/compiler/bin/../lib/gcc/arm-none-eabi/5.4.1/../../../../arm-none-eabi/lib/armv7e-m/fpu\libc_nano.a(lib_a-errno.o)
 .debug_frame   0x00001d6c       0x2c c:/st/eclipse/plugins/fr.ac6.mcu.externaltools.arm-none.win32_1.13.2.201703061525/tools/compiler/bin/../lib/gcc/arm-none-eabi/5.4.1/../../../../arm-none-eabi/lib/armv7e-m/fpu\libc_nano.a(lib_a-init.o)
 .debug_frame   0x00001d98       0x70 c:/st/eclipse/plugins/fr.ac6.mcu.externaltools.arm-none.win32_1.13.2.201703061525/tools/compiler/bin/../lib/gcc/arm-none-eabi/5.4.1/../../../../arm-none-eabi/lib/armv7e-m/fpu\libc_nano.a(lib_a-sprintf.o)
 .debug_frame   0x00001e08       0x90 c:/st/eclipse/plugins/fr.ac6.mcu.externaltools.arm-none.win32_1.13.2.201703061525/tools/compiler/bin/../lib/gcc/arm-none-eabi/5.4.1/../../../../arm-none-eabi/lib/armv7e-m/fpu\libc_nano.a(lib_a-nano-svfprintf.o)
 .debug_frame   0x00001e98       0x60 c:/st/eclipse/plugins/fr.ac6.mcu.externaltools.arm-none.win32_1.13.2.201703061525/tools/compiler/bin/../lib/gcc/arm-none-eabi/5.4.1/../../../../arm-none-eabi/lib/armv7e-m/fpu\libc_nano.a(lib_a-nano-vfprintf_i.o)
 .debug_frame   0x00001ef8       0x28 c:/st/eclipse/plugins/fr.ac6.mcu.externaltools.arm-none.win32_1.13.2.201703061525/tools/compiler/bin/../lib/gcc/arm-none-eabi/5.4.1/../../../../arm-none-eabi/lib/armv7e-m/fpu\libc_nano.a(lib_a-memcpy-stub.o)
 .debug_frame   0x00001f20       0x28 c:/st/eclipse/plugins/fr.ac6.mcu.externaltools.arm-none.win32_1.13.2.201703061525/tools/compiler/bin/../lib/gcc/arm-none-eabi/5.4.1/../../../../arm-none-eabi/lib/armv7e-m/fpu\libc_nano.a(lib_a-memmove.o)
 .debug_frame   0x00001f48       0x38 c:/st/eclipse/plugins/fr.ac6.mcu.externaltools.arm-none.win32_1.13.2.201703061525/tools/compiler/bin/../lib/gcc/arm-none-eabi/5.4.1/../../../../arm-none-eabi/lib/armv7e-m/fpu\libc_nano.a(lib_a-nano-freer.o)
 .debug_frame   0x00001f80       0x2c c:/st/eclipse/plugins/fr.ac6.mcu.externaltools.arm-none.win32_1.13.2.201703061525/tools/compiler/bin/../lib/gcc/arm-none-eabi/5.4.1/../../../../arm-none-eabi/lib/armv7e-m/fpu\libc_nano.a(lib_a-nano-mallocr.o)
 .debug_frame   0x00001fac       0x3c c:/st/eclipse/plugins/fr.ac6.mcu.externaltools.arm-none.win32_1.13.2.201703061525/tools/compiler/bin/../lib/gcc/arm-none-eabi/5.4.1/../../../../arm-none-eabi/lib/armv7e-m/fpu\libc_nano.a(lib_a-nano-reallocr.o)
 .debug_frame   0x00001fe8       0x2c c:/st/eclipse/plugins/fr.ac6.mcu.externaltools.arm-none.win32_1.13.2.201703061525/tools/compiler/bin/../lib/gcc/arm-none-eabi/5.4.1/../../../../arm-none-eabi/lib/armv7e-m/fpu\libc_nano.a(lib_a-sbrkr.o)
 .debug_frame   0x00002014       0x30 c:/st/eclipse/plugins/fr.ac6.mcu.externaltools.arm-none.win32_1.13.2.201703061525/tools/compiler/bin/../lib/gcc/arm-none-eabi/5.4.1/../../../../arm-none-eabi/lib/armv7e-m/fpu\libc_nano.a(lib_a-mlock.o)
 .debug_frame   0x00002044       0x20 c:/st/eclipse/plugins/fr.ac6.mcu.externaltools.arm-none.win32_1.13.2.201703061525/tools/compiler/bin/../lib/gcc/arm-none-eabi/5.4.1/../../../../arm-none-eabi/lib/armv7e-m/fpu\libc_nano.a(lib_a-nano-msizer.o)
 .debug_frame   0x00002064       0x5c c:/st/eclipse/plugins/fr.ac6.mcu.externaltools.arm-none.win32_1.13.2.201703061525/tools/compiler/bin/../lib/gcc/arm-none-eabi/5.4.1/../../../../arm-none-eabi/lib/armv7e-m/fpu\libc_nano.a(lib_a-reent.o)
